<html>
<body>
<pre>
<h1>µVision Build Log</h1>
<h2>Tool Versions:</h2>
IDE-Version: ¦ÌVision V5.27.1.0
Copyright (C) 2019 ARM Ltd and ARM Germany GmbH. All rights reserved.
License Information: 111 111, 111, LIC=NQQMA-169BV-9US4U-SZHBY-UEXBI-TSH5I
 
Tool Versions:
Toolchain:       MDK-ARM Plus  Version: 5.27.0.0
Toolchain Path:  C:\Keil_v5\ARM\ARMCLANG\Bin
C Compiler:      ArmClang.exe V6.11
Assembler:       Armasm.exe V6.11
Linker/Locator:  ArmLink.exe V6.11
Library Manager: ArmAr.exe V6.11
Hex Converter:   FromElf.exe V6.11
CPU DLL:         SARMCM3.DLL V5.27.0.0
Dialog DLL:      DARMCM1.DLL V1.19.2.0
Target DLL:      STLink\ST-LINKIII-KEIL_SWO.dll V3.0.5.0
Dialog DLL:      TARMCM1.DLL V1.14.1.0
 
<h2>Project:</h2>
C:\Users\RUPC\Desktop\REBUILD_BOOTLOADER\IIC_MASTER\DP32G030_IIC_MASTER.uvprojx
Project File Date:  07/10/2024

<h2>Output:</h2>
*** Using Compiler 'V6.11', folder: 'C:\Keil_v5\ARM\ARMCLANG\Bin'
Rebuild target 'DP32G030'
assembling startup_DP32G030.s...
compiling key.c...
compiling DP32G030_port.c...
compiling eeprom.c...
compiling delay.c...
compiling iap.c...
compiling main.c...
compiling DP32G030_gpio.c...
compiling DP32G030_flash.c...
compiling i2c.c...
compiling system_DP32G030.c...
linking...
Program Size: Code=3380 RO-data=240 RW-data=8 ZI-data=148  
FromELF: creating hex file...
After Build - User command #1: fromelf --bin -o "C:\Users\RUPC\Desktop\REBUILD_BOOTLOADER\IIC_MASTER\out\DP32G030_IIC_MASTER.bin" "C:\Users\RUPC\Desktop\REBUILD_BOOTLOADER\IIC_MASTER\out\DP32G030_IIC_MASTER.axf"
".\out\DP32G030_IIC_MASTER.axf" - 0 Error(s), 0 Warning(s).

<h2>Software Packages used:</h2>

Package Vendor: DP
                
                DP.DP32_DFP.2.0.2
                DP 32bit MCU Device Support

<h2>Collection of Component include folders:</h2>
  .\RTE\_DP32G030
  C:\Keil_v5\ARM\PACK\DP\DP32_DFP\2.0.2\CSL\DP32G030\CMSIS\DeviceSupport

<h2>Collection of Component Files used:</h2>
Build Time Elapsed:  00:00:01
</pre>
</body>
</html>
