Component: ARM Compiler 6.11 Tool: armlink [5d3b3900]

==============================================================================

Section Cross References

    main.o(.ARM.exidx.text.write_to_memory) refers to main.o(.text.write_to_memory) for [Anonymous Symbol]
    main.o(.ARM.exidx.text.jump_to_app) refers to main.o(.text.jump_to_app) for [Anonymous Symbol]
    main.o(.ARM.exidx.text.write_to_memory1) refers to main.o(.text.write_to_memory1) for [Anonymous Symbol]
    main.o(.text.main) refers to system_dp32g030.o(.text.SystemInit) for SystemInit
    main.o(.text.main) refers to key.o(.text.Key_Init) for Key_Init
    main.o(.text.main) refers to delay.o(.text.delay_init) for delay_init
    main.o(.text.main) refers to dp32g030_gpio.o(.text.GPIO_GetBit) for GPIO_GetBit
    main.o(.text.main) refers to eeprom.o(.text.EEPROM_WriteBuffer) for EEPROM_WriteBuffer
    main.o(.text.main) refers to dp32g030_gpio.o(.text.GPIO_SetBit) for GPIO_SetBit
    main.o(.text.main) refers to eeprom.o(.text.EEPROM_ReadBuffer) for EEPROM_ReadBuffer
    main.o(.text.main) refers to iap.o(.text.boot_to_app) for boot_to_app
    main.o(.ARM.exidx.text.main) refers to main.o(.text.main) for [Anonymous Symbol]
    iap.o(.text.app_to_boot) refers to dp32g030_flash.o(.text.FLASH_Mask_UnLock) for FLASH_Mask_UnLock
    iap.o(.text.app_to_boot) refers to dp32g030_flash.o(.text.FLASH_Mask_Sel) for FLASH_Mask_Sel
    iap.o(.text.app_to_boot) refers to dp32g030_flash.o(.text.FLASH_Mask_Lock) for FLASH_Mask_Lock
    iap.o(.ARM.exidx.text.app_to_boot) refers to iap.o(.text.app_to_boot) for [Anonymous Symbol]
    iap.o(.text.boot_to_app) refers to dp32g030_flash.o(.text.FLASH_Mask_UnLock) for FLASH_Mask_UnLock
    iap.o(.text.boot_to_app) refers to dp32g030_flash.o(.text.FLASH_Mask_Sel) for FLASH_Mask_Sel
    iap.o(.text.boot_to_app) refers to dp32g030_flash.o(.text.FLASH_Mask_Lock) for FLASH_Mask_Lock
    iap.o(.ARM.exidx.text.boot_to_app) refers to iap.o(.text.boot_to_app) for [Anonymous Symbol]
    eeprom.o(.text.EEPROM_ReadBuffer) refers to i2c.o(.text.I2C_Start) for I2C_Start
    eeprom.o(.text.EEPROM_ReadBuffer) refers to i2c.o(.text.I2C_ReadBuffer) for I2C_ReadBuffer
    eeprom.o(.text.EEPROM_ReadBuffer) refers to i2c.o(.text.I2C_Stop) for I2C_Stop
    eeprom.o(.text.EEPROM_ReadBuffer) refers to i2c.o(.text.I2C_Write) for I2C_Write
    eeprom.o(.ARM.exidx.text.EEPROM_ReadBuffer) refers to eeprom.o(.text.EEPROM_ReadBuffer) for [Anonymous Symbol]
    eeprom.o(.text.EEPROM_WriteBuffer) refers to eeprom.o(.text.EEPROM_ReadBuffer) for EEPROM_ReadBuffer
    eeprom.o(.text.EEPROM_WriteBuffer) refers to memcmp.o(.text) for memcmp
    eeprom.o(.text.EEPROM_WriteBuffer) refers to i2c.o(.text.I2C_Start) for I2C_Start
    eeprom.o(.text.EEPROM_WriteBuffer) refers to i2c.o(.text.I2C_WriteBuffer) for I2C_WriteBuffer
    eeprom.o(.text.EEPROM_WriteBuffer) refers to i2c.o(.text.I2C_Stop) for I2C_Stop
    eeprom.o(.text.EEPROM_WriteBuffer) refers to delay.o(.text.delay_ms) for delay_ms
    eeprom.o(.text.EEPROM_WriteBuffer) refers to i2c.o(.text.I2C_Write) for I2C_Write
    eeprom.o(.ARM.exidx.text.EEPROM_WriteBuffer) refers to eeprom.o(.text.EEPROM_WriteBuffer) for [Anonymous Symbol]
    eeprom.o(.text.EEPROM_Buffer_MORE) refers to eeprom.o(.text.EEPROM_WriteBuffer) for EEPROM_WriteBuffer
    eeprom.o(.text.EEPROM_Buffer_MORE) refers to eeprom.o(.text.EEPROM_ReadBuffer) for EEPROM_ReadBuffer
    eeprom.o(.ARM.exidx.text.EEPROM_Buffer_MORE) refers to eeprom.o(.text.EEPROM_Buffer_MORE) for [Anonymous Symbol]
    i2c.o(.text.I2C_Start) refers to delay.o(.text.delay_us) for delay_us
    i2c.o(.ARM.exidx.text.I2C_Start) refers to i2c.o(.text.I2C_Start) for [Anonymous Symbol]
    i2c.o(.text.I2C_Stop) refers to delay.o(.text.delay_us) for delay_us
    i2c.o(.ARM.exidx.text.I2C_Stop) refers to i2c.o(.text.I2C_Stop) for [Anonymous Symbol]
    i2c.o(.text.I2C_Read) refers to delay.o(.text.delay_us) for delay_us
    i2c.o(.ARM.exidx.text.I2C_Read) refers to i2c.o(.text.I2C_Read) for [Anonymous Symbol]
    i2c.o(.text.I2C_Write) refers to delay.o(.text.delay_us) for delay_us
    i2c.o(.ARM.exidx.text.I2C_Write) refers to i2c.o(.text.I2C_Write) for [Anonymous Symbol]
    i2c.o(.text.I2C_ReadBuffer) refers to i2c.o(.text.I2C_Read) for I2C_Read
    i2c.o(.text.I2C_ReadBuffer) refers to delay.o(.text.delay_us) for delay_us
    i2c.o(.ARM.exidx.text.I2C_ReadBuffer) refers to i2c.o(.text.I2C_ReadBuffer) for [Anonymous Symbol]
    i2c.o(.text.I2C_WriteBuffer) refers to i2c.o(.text.I2C_Write) for I2C_Write
    i2c.o(.ARM.exidx.text.I2C_WriteBuffer) refers to i2c.o(.text.I2C_WriteBuffer) for [Anonymous Symbol]
    dp32g030_flash.o(.ARM.exidx.text.FLASH_Check_Init_Complete) refers to dp32g030_flash.o(.text.FLASH_Check_Init_Complete) for [Anonymous Symbol]
    dp32g030_flash.o(.ARM.exidx.text.FLASH_Check_Busy) refers to dp32g030_flash.o(.text.FLASH_Check_Busy) for [Anonymous Symbol]
    dp32g030_flash.o(.ARM.exidx.text.FLASH_Check_BufEmpty) refers to dp32g030_flash.o(.text.FLASH_Check_BufEmpty) for [Anonymous Symbol]
    dp32g030_flash.o(.ARM.exidx.text.FLASH_Set_DeepSleep_Mode) refers to dp32g030_flash.o(.text.FLASH_Set_DeepSleep_Mode) for [Anonymous Symbol]
    dp32g030_flash.o(.ARM.exidx.text.FLASH_Set_Normal_Mode) refers to dp32g030_flash.o(.text.FLASH_Set_Normal_Mode) for [Anonymous Symbol]
    dp32g030_flash.o(.ARM.exidx.text.FLASH_Set_ClkWait) refers to dp32g030_flash.o(.text.FLASH_Set_ClkWait) for [Anonymous Symbol]
    dp32g030_flash.o(.ARM.exidx.text.FLASH_Set_Array) refers to dp32g030_flash.o(.text.FLASH_Set_Array) for [Anonymous Symbol]
    dp32g030_flash.o(.ARM.exidx.text.FLASH_Set_Operate_Mode) refers to dp32g030_flash.o(.text.FLASH_Set_Operate_Mode) for [Anonymous Symbol]
    dp32g030_flash.o(.text.FLASH_Set_EraseTime) refers to system_dp32g030.o(.data..L_MergedGlobals) for CyclesPerUs
    dp32g030_flash.o(.ARM.exidx.text.FLASH_Set_EraseTime) refers to dp32g030_flash.o(.text.FLASH_Set_EraseTime) for [Anonymous Symbol]
    dp32g030_flash.o(.text.FLASH_Set_ProgramTime) refers to system_dp32g030.o(.data..L_MergedGlobals) for CyclesPerUs
    dp32g030_flash.o(.ARM.exidx.text.FLASH_Set_ProgramTime) refers to dp32g030_flash.o(.text.FLASH_Set_ProgramTime) for [Anonymous Symbol]
    dp32g030_flash.o(.ARM.exidx.text.FLASH_Operate_Lock) refers to dp32g030_flash.o(.text.FLASH_Operate_Lock) for [Anonymous Symbol]
    dp32g030_flash.o(.ARM.exidx.text.FLASH_Operate_UnLock) refers to dp32g030_flash.o(.text.FLASH_Operate_UnLock) for [Anonymous Symbol]
    dp32g030_flash.o(.text.FLASH_Init) refers to dp32g030_flash.o(.text.FLASH_Set_Normal_Mode) for FLASH_Set_Normal_Mode
    dp32g030_flash.o(.text.FLASH_Init) refers to dp32g030_flash.o(.text.FLASH_Set_ClkWait) for FLASH_Set_ClkWait
    dp32g030_flash.o(.text.FLASH_Init) refers to system_dp32g030.o(.data..L_MergedGlobals) for CyclesPerUs
    dp32g030_flash.o(.ARM.exidx.text.FLASH_Init) refers to dp32g030_flash.o(.text.FLASH_Init) for [Anonymous Symbol]
    dp32g030_flash.o(.ARM.exidx.text.FLASH_Command_Start) refers to dp32g030_flash.o(.text.FLASH_Command_Start) for [Anonymous Symbol]
    dp32g030_flash.o(.ARM.exidx.text.FLASH_Mask_Lock) refers to dp32g030_flash.o(.text.FLASH_Mask_Lock) for [Anonymous Symbol]
    dp32g030_flash.o(.ARM.exidx.text.FLASH_Mask_UnLock) refers to dp32g030_flash.o(.text.FLASH_Mask_UnLock) for [Anonymous Symbol]
    dp32g030_flash.o(.ARM.exidx.text.FLASH_Mask_Sel) refers to dp32g030_flash.o(.text.FLASH_Mask_Sel) for [Anonymous Symbol]
    dp32g030_flash.o(.ARM.exidx.text.FLASH_Unlock_Lock) refers to dp32g030_flash.o(.text.FLASH_Unlock_Lock) for [Anonymous Symbol]
    dp32g030_flash.o(.text.FLASH_Sector_Erase) refers to dp32g030_flash.o(.text.FLASH_Unlock_Lock) for FLASH_Unlock_Lock
    dp32g030_flash.o(.ARM.exidx.text.FLASH_Sector_Erase) refers to dp32g030_flash.o(.text.FLASH_Sector_Erase) for [Anonymous Symbol]
    dp32g030_flash.o(.text.FLASH_Write_Word) refers to dp32g030_flash.o(.text.FLASH_Unlock_Lock) for FLASH_Unlock_Lock
    dp32g030_flash.o(.ARM.exidx.text.FLASH_Write_Word) refers to dp32g030_flash.o(.text.FLASH_Write_Word) for [Anonymous Symbol]
    dp32g030_flash.o(.ARM.exidx.text.FLASH_Write_Words) refers to dp32g030_flash.o(.text.FLASH_Write_Words) for [Anonymous Symbol]
    dp32g030_flash.o(.ARM.exidx.text.FLASH_Recall_Read) refers to dp32g030_flash.o(.text.FLASH_Recall_Read) for [Anonymous Symbol]
    dp32g030_flash.o(.ARM.exidx.text.FLASH_Read_Word) refers to dp32g030_flash.o(.text.FLASH_Read_Word) for [Anonymous Symbol]
    dp32g030_flash.o(.ARM.exidx.text.FLASH_Read_Words) refers to dp32g030_flash.o(.text.FLASH_Read_Words) for [Anonymous Symbol]
    dp32g030_flash.o(.text.Read_Trim_Value_From_Flash) refers to dp32g030_flash.o(.text.FLASH_Recall_Read) for FLASH_Recall_Read
    dp32g030_flash.o(.text.Read_Trim_Value_From_Flash) refers to dp32g030_flash.o(.bss.Temp_Trim_Value) for Temp_Trim_Value
    dp32g030_flash.o(.ARM.exidx.text.Read_Trim_Value_From_Flash) refers to dp32g030_flash.o(.text.Read_Trim_Value_From_Flash) for [Anonymous Symbol]
    dp32g030_gpio.o(.ARM.exidx.text.GPIO_Init) refers to dp32g030_gpio.o(.text.GPIO_Init) for [Anonymous Symbol]
    dp32g030_gpio.o(.ARM.exidx.text.GPIO_Assert_Param) refers to dp32g030_gpio.o(.text.GPIO_Assert_Param) for [Anonymous Symbol]
    dp32g030_gpio.o(.ARM.exidx.text.GPIO_SetBit) refers to dp32g030_gpio.o(.text.GPIO_SetBit) for [Anonymous Symbol]
    dp32g030_gpio.o(.ARM.exidx.text.GPIO_ClrBit) refers to dp32g030_gpio.o(.text.GPIO_ClrBit) for [Anonymous Symbol]
    dp32g030_gpio.o(.ARM.exidx.text.GPIO_InvBit) refers to dp32g030_gpio.o(.text.GPIO_InvBit) for [Anonymous Symbol]
    dp32g030_gpio.o(.ARM.exidx.text.GPIO_GetBit) refers to dp32g030_gpio.o(.text.GPIO_GetBit) for [Anonymous Symbol]
    dp32g030_port.o(.ARM.exidx.text.PORT_Init) refers to dp32g030_port.o(.text.PORT_Init) for [Anonymous Symbol]
    dp32g030_port.o(.ARM.exidx.text.PORT_CFG_Init) refers to dp32g030_port.o(.text.PORT_CFG_Init) for [Anonymous Symbol]
    system_dp32g030.o(.text.XTAL_Port_Init) refers to dp32g030_port.o(.text.PORT_Init) for PORT_Init
    system_dp32g030.o(.ARM.exidx.text.XTAL_Port_Init) refers to system_dp32g030.o(.text.XTAL_Port_Init) for [Anonymous Symbol]
    system_dp32g030.o(.text.XTAH_Port_Init) refers to dp32g030_port.o(.text.PORT_Init) for PORT_Init
    system_dp32g030.o(.ARM.exidx.text.XTAH_Port_Init) refers to system_dp32g030.o(.text.XTAH_Port_Init) for [Anonymous Symbol]
    system_dp32g030.o(.ARM.exidx.text.Sys_Clk_Read) refers to system_dp32g030.o(.text.Sys_Clk_Read) for [Anonymous Symbol]
    system_dp32g030.o(.text.Switch_CLK_48MHZ) refers to system_dp32g030.o(.text.Sys_Clk_Read) for Sys_Clk_Read
    system_dp32g030.o(.ARM.exidx.text.Switch_CLK_48MHZ) refers to system_dp32g030.o(.text.Switch_CLK_48MHZ) for [Anonymous Symbol]
    system_dp32g030.o(.text.Switch_CLK_48MHZ_DIV2) refers to system_dp32g030.o(.text.Sys_Clk_Read) for Sys_Clk_Read
    system_dp32g030.o(.ARM.exidx.text.Switch_CLK_48MHZ_DIV2) refers to system_dp32g030.o(.text.Switch_CLK_48MHZ_DIV2) for [Anonymous Symbol]
    system_dp32g030.o(.text.Switch_CLK_48MHZ_DIV4) refers to system_dp32g030.o(.text.Switch_CLK_48MHZ_DIV2) for Switch_CLK_48MHZ_DIV2
    system_dp32g030.o(.text.Switch_CLK_48MHZ_DIV4) refers to system_dp32g030.o(.text.Sys_Clk_Read) for Sys_Clk_Read
    system_dp32g030.o(.ARM.exidx.text.Switch_CLK_48MHZ_DIV4) refers to system_dp32g030.o(.text.Switch_CLK_48MHZ_DIV4) for [Anonymous Symbol]
    system_dp32g030.o(.text.Switch_CLK_XTAH) refers to system_dp32g030.o(.text.Switch_CLK_48MHZ_DIV2) for Switch_CLK_48MHZ_DIV2
    system_dp32g030.o(.text.Switch_CLK_XTAH) refers to system_dp32g030.o(.text.XTAH_Port_Init) for XTAH_Port_Init
    system_dp32g030.o(.text.Switch_CLK_XTAH) refers to system_dp32g030.o(.text.Sys_Clk_Read) for Sys_Clk_Read
    system_dp32g030.o(.ARM.exidx.text.Switch_CLK_XTAH) refers to system_dp32g030.o(.text.Switch_CLK_XTAH) for [Anonymous Symbol]
    system_dp32g030.o(.text.Switch_CLK_XTAH_DIV2) refers to system_dp32g030.o(.text.Switch_CLK_48MHZ_DIV2) for Switch_CLK_48MHZ_DIV2
    system_dp32g030.o(.text.Switch_CLK_XTAH_DIV2) refers to system_dp32g030.o(.text.XTAH_Port_Init) for XTAH_Port_Init
    system_dp32g030.o(.text.Switch_CLK_XTAH_DIV2) refers to system_dp32g030.o(.text.Sys_Clk_Read) for Sys_Clk_Read
    system_dp32g030.o(.ARM.exidx.text.Switch_CLK_XTAH_DIV2) refers to system_dp32g030.o(.text.Switch_CLK_XTAH_DIV2) for [Anonymous Symbol]
    system_dp32g030.o(.text.Switch_CLK_PLL_RCHF_Set) refers to system_dp32g030.o(.text.Switch_CLK_48MHZ_DIV2) for Switch_CLK_48MHZ_DIV2
    system_dp32g030.o(.text.Switch_CLK_PLL_RCHF_Set) refers to system_dp32g030.o(.text.Sys_Clk_Read) for Sys_Clk_Read
    system_dp32g030.o(.ARM.exidx.text.Switch_CLK_PLL_RCHF_Set) refers to system_dp32g030.o(.text.Switch_CLK_PLL_RCHF_Set) for [Anonymous Symbol]
    system_dp32g030.o(.text.Switch_CLK_PLL_RCHF_72MHz) refers to system_dp32g030.o(.text.Switch_CLK_PLL_RCHF_Set) for Switch_CLK_PLL_RCHF_Set
    system_dp32g030.o(.ARM.exidx.text.Switch_CLK_PLL_RCHF_72MHz) refers to system_dp32g030.o(.text.Switch_CLK_PLL_RCHF_72MHz) for [Anonymous Symbol]
    system_dp32g030.o(.text.Switch_CLK_PLL_RCHF_64MHz) refers to system_dp32g030.o(.text.Switch_CLK_PLL_RCHF_Set) for Switch_CLK_PLL_RCHF_Set
    system_dp32g030.o(.ARM.exidx.text.Switch_CLK_PLL_RCHF_64MHz) refers to system_dp32g030.o(.text.Switch_CLK_PLL_RCHF_64MHz) for [Anonymous Symbol]
    system_dp32g030.o(.text.Switch_CLK_PLL_XTAH_Set) refers to system_dp32g030.o(.text.Switch_CLK_48MHZ_DIV2) for Switch_CLK_48MHZ_DIV2
    system_dp32g030.o(.text.Switch_CLK_PLL_XTAH_Set) refers to system_dp32g030.o(.text.XTAH_Port_Init) for XTAH_Port_Init
    system_dp32g030.o(.text.Switch_CLK_PLL_XTAH_Set) refers to system_dp32g030.o(.text.Sys_Clk_Read) for Sys_Clk_Read
    system_dp32g030.o(.ARM.exidx.text.Switch_CLK_PLL_XTAH_Set) refers to system_dp32g030.o(.text.Switch_CLK_PLL_XTAH_Set) for [Anonymous Symbol]
    system_dp32g030.o(.text.Switch_CLK_PLL_XTAH_72MHz) refers to system_dp32g030.o(.text.Switch_CLK_PLL_XTAH_Set) for Switch_CLK_PLL_XTAH_Set
    system_dp32g030.o(.ARM.exidx.text.Switch_CLK_PLL_XTAH_72MHz) refers to system_dp32g030.o(.text.Switch_CLK_PLL_XTAH_72MHz) for [Anonymous Symbol]
    system_dp32g030.o(.text.Switch_CLK_PLL_XTAH_64MHz) refers to system_dp32g030.o(.text.Switch_CLK_PLL_XTAH_Set) for Switch_CLK_PLL_XTAH_Set
    system_dp32g030.o(.ARM.exidx.text.Switch_CLK_PLL_XTAH_64MHz) refers to system_dp32g030.o(.text.Switch_CLK_PLL_XTAH_64MHz) for [Anonymous Symbol]
    system_dp32g030.o(.text.Switch_CLK_PLL_XTAH_56MHz) refers to system_dp32g030.o(.text.Switch_CLK_PLL_XTAH_Set) for Switch_CLK_PLL_XTAH_Set
    system_dp32g030.o(.ARM.exidx.text.Switch_CLK_PLL_XTAH_56MHz) refers to system_dp32g030.o(.text.Switch_CLK_PLL_XTAH_56MHz) for [Anonymous Symbol]
    system_dp32g030.o(.text.Switch_CLK_PLL_XTAH_48MHz) refers to system_dp32g030.o(.text.Switch_CLK_PLL_XTAH_Set) for Switch_CLK_PLL_XTAH_Set
    system_dp32g030.o(.ARM.exidx.text.Switch_CLK_PLL_XTAH_48MHz) refers to system_dp32g030.o(.text.Switch_CLK_PLL_XTAH_48MHz) for [Anonymous Symbol]
    system_dp32g030.o(.text.SystemCoreClockUpdate) refers to uidiv.o(.text) for __aeabi_uidiv
    system_dp32g030.o(.text.SystemCoreClockUpdate) refers to system_dp32g030.o(.data..L_MergedGlobals) for [Anonymous Symbol]
    system_dp32g030.o(.ARM.exidx.text.SystemCoreClockUpdate) refers to system_dp32g030.o(.text.SystemCoreClockUpdate) for [Anonymous Symbol]
    system_dp32g030.o(.text.SystemClkSel) refers to system_dp32g030.o(.text.Switch_CLK_48MHZ) for Switch_CLK_48MHZ
    system_dp32g030.o(.text.SystemClkSel) refers to system_dp32g030.o(.text.Switch_CLK_48MHZ_DIV2) for Switch_CLK_48MHZ_DIV2
    system_dp32g030.o(.text.SystemClkSel) refers to system_dp32g030.o(.text.Switch_CLK_48MHZ_DIV4) for Switch_CLK_48MHZ_DIV4
    system_dp32g030.o(.text.SystemClkSel) refers to system_dp32g030.o(.text.Switch_CLK_XTAH) for Switch_CLK_XTAH
    system_dp32g030.o(.text.SystemClkSel) refers to system_dp32g030.o(.text.Switch_CLK_XTAH_DIV2) for Switch_CLK_XTAH_DIV2
    system_dp32g030.o(.text.SystemClkSel) refers to system_dp32g030.o(.text.Switch_CLK_PLL_RCHF_72MHz) for Switch_CLK_PLL_RCHF_72MHz
    system_dp32g030.o(.text.SystemClkSel) refers to system_dp32g030.o(.text.Switch_CLK_PLL_RCHF_64MHz) for Switch_CLK_PLL_RCHF_64MHz
    system_dp32g030.o(.text.SystemClkSel) refers to system_dp32g030.o(.text.Switch_CLK_PLL_XTAH_72MHz) for Switch_CLK_PLL_XTAH_72MHz
    system_dp32g030.o(.text.SystemClkSel) refers to system_dp32g030.o(.text.Switch_CLK_PLL_XTAH_64MHz) for Switch_CLK_PLL_XTAH_64MHz
    system_dp32g030.o(.text.SystemClkSel) refers to system_dp32g030.o(.text.Switch_CLK_PLL_XTAH_56MHz) for Switch_CLK_PLL_XTAH_56MHz
    system_dp32g030.o(.text.SystemClkSel) refers to system_dp32g030.o(.text.Switch_CLK_PLL_XTAH_48MHz) for Switch_CLK_PLL_XTAH_48MHz
    system_dp32g030.o(.ARM.exidx.text.SystemClkSel) refers to system_dp32g030.o(.text.SystemClkSel) for [Anonymous Symbol]
    system_dp32g030.o(.text.SystemInit) refers to dp32g030_flash.o(.text.FLASH_Init) for FLASH_Init
    system_dp32g030.o(.text.SystemInit) refers to dp32g030_flash.o(.text.Read_Trim_Value_From_Flash) for Read_Trim_Value_From_Flash
    system_dp32g030.o(.text.SystemInit) refers to system_dp32g030.o(.text.Switch_CLK_48MHZ) for Switch_CLK_48MHZ
    system_dp32g030.o(.text.SystemInit) refers to system_dp32g030.o(.text.SystemCoreClockUpdate) for SystemCoreClockUpdate
    system_dp32g030.o(.ARM.exidx.text.SystemInit) refers to system_dp32g030.o(.text.SystemInit) for [Anonymous Symbol]
    startup_dp32g030.o(RESET) refers to startup_dp32g030.o(STACK) for __initial_sp
    startup_dp32g030.o(RESET) refers to startup_dp32g030.o(.text) for Reset_Handler
    startup_dp32g030.o(.text) refers to entry.o(.ARM.Collect$$$$00000000) for __main
    delay.o(.text.delay_init) refers to uidiv.o(.text) for __aeabi_uidiv
    delay.o(.text.delay_init) refers to system_dp32g030.o(.data..L_MergedGlobals) for SystemCoreClock
    delay.o(.text.delay_init) refers to delay.o(.bss..L_MergedGlobals) for [Anonymous Symbol]
    delay.o(.ARM.exidx.text.delay_init) refers to delay.o(.text.delay_init) for [Anonymous Symbol]
    delay.o(.text.delay_us) refers to delay.o(.bss..L_MergedGlobals) for [Anonymous Symbol]
    delay.o(.ARM.exidx.text.delay_us) refers to delay.o(.text.delay_us) for [Anonymous Symbol]
    delay.o(.text.delay_nms) refers to delay.o(.bss..L_MergedGlobals) for [Anonymous Symbol]
    delay.o(.ARM.exidx.text.delay_nms) refers to delay.o(.text.delay_nms) for [Anonymous Symbol]
    delay.o(.text.delay_ms) refers to delay.o(.text.delay_nms) for delay_nms
    delay.o(.ARM.exidx.text.delay_ms) refers to delay.o(.text.delay_ms) for [Anonymous Symbol]
    key.o(.text.Key_Init) refers to dp32g030_gpio.o(.text.GPIO_ClrBit) for GPIO_ClrBit
    key.o(.text.Key_Init) refers to dp32g030_gpio.o(.text.GPIO_Init) for GPIO_Init
    key.o(.text.Key_Init) refers to dp32g030_gpio.o(.text.GPIO_SetBit) for GPIO_SetBit
    key.o(.ARM.exidx.text.Key_Init) refers to key.o(.text.Key_Init) for [Anonymous Symbol]
    entry.o(.ARM.Collect$$$$00000000) refers (Special) to entry10a.o(.ARM.Collect$$$$0000000D) for __rt_final_cpp
    entry.o(.ARM.Collect$$$$00000000) refers (Special) to entry11a.o(.ARM.Collect$$$$0000000F) for __rt_final_exit
    entry.o(.ARM.Collect$$$$00000000) refers (Special) to entry7b.o(.ARM.Collect$$$$00000008) for _main_clock
    entry.o(.ARM.Collect$$$$00000000) refers (Special) to entry8b.o(.ARM.Collect$$$$0000000A) for _main_cpp_init
    entry.o(.ARM.Collect$$$$00000000) refers (Special) to entry9a.o(.ARM.Collect$$$$0000000B) for _main_init
    entry.o(.ARM.Collect$$$$00000000) refers (Special) to entry5.o(.ARM.Collect$$$$00000004) for _main_scatterload
    entry.o(.ARM.Collect$$$$00000000) refers (Special) to entry2.o(.ARM.Collect$$$$00000001) for _main_stk
    entry2.o(.ARM.Collect$$$$00000001) refers to entry2.o(.ARM.Collect$$$$00002712) for __lit__00000000
    entry2.o(.ARM.Collect$$$$00002712) refers to startup_dp32g030.o(STACK) for __initial_sp
    entry2.o(__vectab_stack_and_reset_area) refers to startup_dp32g030.o(STACK) for __initial_sp
    entry2.o(__vectab_stack_and_reset_area) refers to entry.o(.ARM.Collect$$$$00000000) for __main
    entry5.o(.ARM.Collect$$$$00000004) refers to init.o(.text) for __scatterload
    entry9a.o(.ARM.Collect$$$$0000000B) refers to main.o(.text.main) for main
    entry9b.o(.ARM.Collect$$$$0000000C) refers to main.o(.text.main) for main
    init.o(.text) refers to entry5.o(.ARM.Collect$$$$00000004) for __main_after_scatterload


==============================================================================

Removing Unused input sections from the image.

    Removing main.o(.text), (0 bytes).
    Removing main.o(.text.write_to_memory), (10 bytes).
    Removing main.o(.ARM.exidx.text.write_to_memory), (8 bytes).
    Removing main.o(.text.jump_to_app), (24 bytes).
    Removing main.o(.ARM.exidx.text.jump_to_app), (8 bytes).
    Removing main.o(.text.write_to_memory1), (20 bytes).
    Removing main.o(.ARM.exidx.text.write_to_memory1), (8 bytes).
    Removing main.o(.ARM.exidx.text.main), (8 bytes).
    Removing main.o(.ARM.use_no_argv), (4 bytes).
    Removing iap.o(.text), (0 bytes).
    Removing iap.o(.text.app_to_boot), (40 bytes).
    Removing iap.o(.ARM.exidx.text.app_to_boot), (8 bytes).
    Removing iap.o(.ARM.exidx.text.boot_to_app), (8 bytes).
    Removing eeprom.o(.text), (0 bytes).
    Removing eeprom.o(.ARM.exidx.text.EEPROM_ReadBuffer), (8 bytes).
    Removing eeprom.o(.ARM.exidx.text.EEPROM_WriteBuffer), (8 bytes).
    Removing eeprom.o(.text.EEPROM_Buffer_MORE), (84 bytes).
    Removing eeprom.o(.ARM.exidx.text.EEPROM_Buffer_MORE), (8 bytes).
    Removing i2c.o(.text), (0 bytes).
    Removing i2c.o(.ARM.exidx.text.I2C_Start), (8 bytes).
    Removing i2c.o(.ARM.exidx.text.I2C_Stop), (8 bytes).
    Removing i2c.o(.ARM.exidx.text.I2C_Read), (8 bytes).
    Removing i2c.o(.ARM.exidx.text.I2C_Write), (8 bytes).
    Removing i2c.o(.ARM.exidx.text.I2C_ReadBuffer), (8 bytes).
    Removing i2c.o(.ARM.exidx.text.I2C_WriteBuffer), (8 bytes).
    Removing dp32g030_flash.o(.text), (0 bytes).
    Removing dp32g030_flash.o(.text.FLASH_Check_Init_Complete), (16 bytes).
    Removing dp32g030_flash.o(.ARM.exidx.text.FLASH_Check_Init_Complete), (8 bytes).
    Removing dp32g030_flash.o(.text.FLASH_Check_Busy), (16 bytes).
    Removing dp32g030_flash.o(.ARM.exidx.text.FLASH_Check_Busy), (8 bytes).
    Removing dp32g030_flash.o(.text.FLASH_Check_BufEmpty), (16 bytes).
    Removing dp32g030_flash.o(.ARM.exidx.text.FLASH_Check_BufEmpty), (8 bytes).
    Removing dp32g030_flash.o(.text.FLASH_Set_DeepSleep_Mode), (20 bytes).
    Removing dp32g030_flash.o(.ARM.exidx.text.FLASH_Set_DeepSleep_Mode), (8 bytes).
    Removing dp32g030_flash.o(.ARM.exidx.text.FLASH_Set_Normal_Mode), (8 bytes).
    Removing dp32g030_flash.o(.ARM.exidx.text.FLASH_Set_ClkWait), (8 bytes).
    Removing dp32g030_flash.o(.text.FLASH_Set_Array), (20 bytes).
    Removing dp32g030_flash.o(.ARM.exidx.text.FLASH_Set_Array), (8 bytes).
    Removing dp32g030_flash.o(.text.FLASH_Set_Operate_Mode), (20 bytes).
    Removing dp32g030_flash.o(.ARM.exidx.text.FLASH_Set_Operate_Mode), (8 bytes).
    Removing dp32g030_flash.o(.text.FLASH_Set_EraseTime), (28 bytes).
    Removing dp32g030_flash.o(.ARM.exidx.text.FLASH_Set_EraseTime), (8 bytes).
    Removing dp32g030_flash.o(.text.FLASH_Set_ProgramTime), (28 bytes).
    Removing dp32g030_flash.o(.ARM.exidx.text.FLASH_Set_ProgramTime), (8 bytes).
    Removing dp32g030_flash.o(.text.FLASH_Operate_Lock), (12 bytes).
    Removing dp32g030_flash.o(.ARM.exidx.text.FLASH_Operate_Lock), (8 bytes).
    Removing dp32g030_flash.o(.text.FLASH_Operate_UnLock), (12 bytes).
    Removing dp32g030_flash.o(.ARM.exidx.text.FLASH_Operate_UnLock), (8 bytes).
    Removing dp32g030_flash.o(.ARM.exidx.text.FLASH_Init), (8 bytes).
    Removing dp32g030_flash.o(.text.FLASH_Command_Start), (20 bytes).
    Removing dp32g030_flash.o(.ARM.exidx.text.FLASH_Command_Start), (8 bytes).
    Removing dp32g030_flash.o(.ARM.exidx.text.FLASH_Mask_Lock), (8 bytes).
    Removing dp32g030_flash.o(.ARM.exidx.text.FLASH_Mask_UnLock), (8 bytes).
    Removing dp32g030_flash.o(.ARM.exidx.text.FLASH_Mask_Sel), (8 bytes).
    Removing dp32g030_flash.o(.text.FLASH_Unlock_Lock), (40 bytes).
    Removing dp32g030_flash.o(.ARM.exidx.text.FLASH_Unlock_Lock), (8 bytes).
    Removing dp32g030_flash.o(.text.FLASH_Sector_Erase), (40 bytes).
    Removing dp32g030_flash.o(.ARM.exidx.text.FLASH_Sector_Erase), (8 bytes).
    Removing dp32g030_flash.o(.text.FLASH_Write_Word), (44 bytes).
    Removing dp32g030_flash.o(.ARM.exidx.text.FLASH_Write_Word), (8 bytes).
    Removing dp32g030_flash.o(.text.FLASH_Write_Words), (112 bytes).
    Removing dp32g030_flash.o(.ARM.exidx.text.FLASH_Write_Words), (8 bytes).
    Removing dp32g030_flash.o(.ARM.exidx.text.FLASH_Recall_Read), (8 bytes).
    Removing dp32g030_flash.o(.text.FLASH_Read_Word), (8 bytes).
    Removing dp32g030_flash.o(.ARM.exidx.text.FLASH_Read_Word), (8 bytes).
    Removing dp32g030_flash.o(.text.FLASH_Read_Words), (18 bytes).
    Removing dp32g030_flash.o(.ARM.exidx.text.FLASH_Read_Words), (8 bytes).
    Removing dp32g030_flash.o(.ARM.exidx.text.Read_Trim_Value_From_Flash), (8 bytes).
    Removing dp32g030_gpio.o(.text), (0 bytes).
    Removing dp32g030_gpio.o(.ARM.exidx.text.GPIO_Init), (8 bytes).
    Removing dp32g030_gpio.o(.text.GPIO_Assert_Param), (2 bytes).
    Removing dp32g030_gpio.o(.ARM.exidx.text.GPIO_Assert_Param), (8 bytes).
    Removing dp32g030_gpio.o(.ARM.exidx.text.GPIO_SetBit), (8 bytes).
    Removing dp32g030_gpio.o(.ARM.exidx.text.GPIO_ClrBit), (8 bytes).
    Removing dp32g030_gpio.o(.text.GPIO_InvBit), (12 bytes).
    Removing dp32g030_gpio.o(.ARM.exidx.text.GPIO_InvBit), (8 bytes).
    Removing dp32g030_gpio.o(.ARM.exidx.text.GPIO_GetBit), (8 bytes).
    Removing dp32g030_port.o(.text), (0 bytes).
    Removing dp32g030_port.o(.text.PORT_Init), (244 bytes).
    Removing dp32g030_port.o(.ARM.exidx.text.PORT_Init), (8 bytes).
    Removing dp32g030_port.o(.text.PORT_CFG_Init), (60 bytes).
    Removing dp32g030_port.o(.ARM.exidx.text.PORT_CFG_Init), (8 bytes).
    Removing system_dp32g030.o(.text), (0 bytes).
    Removing system_dp32g030.o(.text.XTAL_Port_Init), (36 bytes).
    Removing system_dp32g030.o(.ARM.exidx.text.XTAL_Port_Init), (8 bytes).
    Removing system_dp32g030.o(.text.XTAH_Port_Init), (36 bytes).
    Removing system_dp32g030.o(.ARM.exidx.text.XTAH_Port_Init), (8 bytes).
    Removing system_dp32g030.o(.ARM.exidx.text.Sys_Clk_Read), (8 bytes).
    Removing system_dp32g030.o(.ARM.exidx.text.Switch_CLK_48MHZ), (8 bytes).
    Removing system_dp32g030.o(.text.Switch_CLK_48MHZ_DIV2), (40 bytes).
    Removing system_dp32g030.o(.ARM.exidx.text.Switch_CLK_48MHZ_DIV2), (8 bytes).
    Removing system_dp32g030.o(.text.Switch_CLK_48MHZ_DIV4), (40 bytes).
    Removing system_dp32g030.o(.ARM.exidx.text.Switch_CLK_48MHZ_DIV4), (8 bytes).
    Removing system_dp32g030.o(.text.Switch_CLK_XTAH), (60 bytes).
    Removing system_dp32g030.o(.ARM.exidx.text.Switch_CLK_XTAH), (8 bytes).
    Removing system_dp32g030.o(.text.Switch_CLK_XTAH_DIV2), (60 bytes).
    Removing system_dp32g030.o(.ARM.exidx.text.Switch_CLK_XTAH_DIV2), (8 bytes).
    Removing system_dp32g030.o(.text.Switch_CLK_PLL_RCHF_Set), (80 bytes).
    Removing system_dp32g030.o(.ARM.exidx.text.Switch_CLK_PLL_RCHF_Set), (8 bytes).
    Removing system_dp32g030.o(.text.Switch_CLK_PLL_RCHF_72MHz), (12 bytes).
    Removing system_dp32g030.o(.ARM.exidx.text.Switch_CLK_PLL_RCHF_72MHz), (8 bytes).
    Removing system_dp32g030.o(.text.Switch_CLK_PLL_RCHF_64MHz), (12 bytes).
    Removing system_dp32g030.o(.ARM.exidx.text.Switch_CLK_PLL_RCHF_64MHz), (8 bytes).
    Removing system_dp32g030.o(.text.Switch_CLK_PLL_XTAH_Set), (96 bytes).
    Removing system_dp32g030.o(.ARM.exidx.text.Switch_CLK_PLL_XTAH_Set), (8 bytes).
    Removing system_dp32g030.o(.text.Switch_CLK_PLL_XTAH_72MHz), (12 bytes).
    Removing system_dp32g030.o(.ARM.exidx.text.Switch_CLK_PLL_XTAH_72MHz), (8 bytes).
    Removing system_dp32g030.o(.text.Switch_CLK_PLL_XTAH_64MHz), (12 bytes).
    Removing system_dp32g030.o(.ARM.exidx.text.Switch_CLK_PLL_XTAH_64MHz), (8 bytes).
    Removing system_dp32g030.o(.text.Switch_CLK_PLL_XTAH_56MHz), (12 bytes).
    Removing system_dp32g030.o(.ARM.exidx.text.Switch_CLK_PLL_XTAH_56MHz), (8 bytes).
    Removing system_dp32g030.o(.text.Switch_CLK_PLL_XTAH_48MHz), (12 bytes).
    Removing system_dp32g030.o(.ARM.exidx.text.Switch_CLK_PLL_XTAH_48MHz), (8 bytes).
    Removing system_dp32g030.o(.ARM.exidx.text.SystemCoreClockUpdate), (8 bytes).
    Removing system_dp32g030.o(.text.SystemClkSel), (94 bytes).
    Removing system_dp32g030.o(.ARM.exidx.text.SystemClkSel), (8 bytes).
    Removing system_dp32g030.o(.ARM.exidx.text.SystemInit), (8 bytes).
    Removing startup_dp32g030.o(HEAP), (0 bytes).
    Removing delay.o(.text), (0 bytes).
    Removing delay.o(.ARM.exidx.text.delay_init), (8 bytes).
    Removing delay.o(.ARM.exidx.text.delay_us), (8 bytes).
    Removing delay.o(.ARM.exidx.text.delay_nms), (8 bytes).
    Removing delay.o(.ARM.exidx.text.delay_ms), (8 bytes).
    Removing key.o(.text), (0 bytes).
    Removing key.o(.ARM.exidx.text.Key_Init), (8 bytes).

125 unused section(s) (total 2160 bytes) removed from the image.

==============================================================================

Adding Veneers to the image

    Adding TT veneer (12 bytes, Long) for call to 'FLASH_Init' from system_dp32g030.o(.text.SystemInit).
    Adding TT veneer (12 bytes, Long) for call to 'Read_Trim_Value_From_Flash' from system_dp32g030.o(.text.SystemInit).
    Adding TT veneer (12 bytes, Long) for call to 'boot_to_app' from main.o(.text.main).

3 Veneer(s) (total 36 bytes) added to the image.

==============================================================================

Image Symbol Table

    Local Symbols

    Symbol Name                              Value     Ov Type        Size  Object(Section)

    ../clib/microlib/division.c              0x00000000   Number         0  uidiv.o ABSOLUTE
    ../clib/microlib/init/entry.s            0x00000000   Number         0  entry.o ABSOLUTE
    ../clib/microlib/init/entry.s            0x00000000   Number         0  entry2.o ABSOLUTE
    ../clib/microlib/init/entry.s            0x00000000   Number         0  entry5.o ABSOLUTE
    ../clib/microlib/init/entry.s            0x00000000   Number         0  entry7a.o ABSOLUTE
    ../clib/microlib/init/entry.s            0x00000000   Number         0  entry7b.o ABSOLUTE
    ../clib/microlib/init/entry.s            0x00000000   Number         0  entry8a.o ABSOLUTE
    ../clib/microlib/init/entry.s            0x00000000   Number         0  entry8b.o ABSOLUTE
    ../clib/microlib/init/entry.s            0x00000000   Number         0  entry9a.o ABSOLUTE
    ../clib/microlib/init/entry.s            0x00000000   Number         0  entry9b.o ABSOLUTE
    ../clib/microlib/init/entry.s            0x00000000   Number         0  entry10a.o ABSOLUTE
    ../clib/microlib/init/entry.s            0x00000000   Number         0  entry10b.o ABSOLUTE
    ../clib/microlib/init/entry.s            0x00000000   Number         0  entry11a.o ABSOLUTE
    ../clib/microlib/init/entry.s            0x00000000   Number         0  entry11b.o ABSOLUTE
    ../clib/microlib/string/memcmp.c         0x00000000   Number         0  memcmp.o ABSOLUTE
    CSL\CMSIS\DeviceSupport\startup\arm\startup_DP32G030.s 0x00000000   Number         0  startup_dp32g030.o ABSOLUTE
    DP32G030_flash.c                         0x00000000   Number         0  dp32g030_flash.o ABSOLUTE
    DP32G030_gpio.c                          0x00000000   Number         0  dp32g030_gpio.o ABSOLUTE
    DP32G030_port.c                          0x00000000   Number         0  dp32g030_port.o ABSOLUTE
    dc.s                                     0x00000000   Number         0  dc.o ABSOLUTE
    delay.c                                  0x00000000   Number         0  delay.o ABSOLUTE
    eeprom.c                                 0x00000000   Number         0  eeprom.o ABSOLUTE
    handlers.s                               0x00000000   Number         0  handlers.o ABSOLUTE
    i2c.c                                    0x00000000   Number         0  i2c.o ABSOLUTE
    iap.c                                    0x00000000   Number         0  iap.o ABSOLUTE
    init.s                                   0x00000000   Number         0  init.o ABSOLUTE
    key.c                                    0x00000000   Number         0  key.o ABSOLUTE
    main.c                                   0x00000000   Number         0  main.o ABSOLUTE
    system_DP32G030.c                        0x00000000   Number         0  system_dp32g030.o ABSOLUTE
    RESET                                    0x00000000   Section      192  startup_dp32g030.o(RESET)
    .ARM.Collect$$$$00000000                 0x000000c0   Section        0  entry.o(.ARM.Collect$$$$00000000)
    .ARM.Collect$$$$00000001                 0x000000c0   Section        4  entry2.o(.ARM.Collect$$$$00000001)
    .ARM.Collect$$$$00000004                 0x000000c4   Section        4  entry5.o(.ARM.Collect$$$$00000004)
    .ARM.Collect$$$$00000008                 0x000000c8   Section        0  entry7b.o(.ARM.Collect$$$$00000008)
    .ARM.Collect$$$$0000000A                 0x000000c8   Section        0  entry8b.o(.ARM.Collect$$$$0000000A)
    .ARM.Collect$$$$0000000B                 0x000000c8   Section        8  entry9a.o(.ARM.Collect$$$$0000000B)
    __lit__00000000                          0x000000d0   Data           4  entry2.o(.ARM.Collect$$$$00002712)
    .ARM.Collect$$$$0000000D                 0x000000d0   Section        0  entry10a.o(.ARM.Collect$$$$0000000D)
    .ARM.Collect$$$$0000000F                 0x000000d0   Section        0  entry11a.o(.ARM.Collect$$$$0000000F)
    .ARM.Collect$$$$00002712                 0x000000d0   Section        4  entry2.o(.ARM.Collect$$$$00002712)
    .text                                    0x000000d4   Section       84  startup_dp32g030.o(.text)
    .text                                    0x00000128   Section        0  uidiv.o(.text)
    .text                                    0x00000154   Section        0  memcmp.o(.text)
    .text                                    0x00000170   Section       36  init.o(.text)
    [Anonymous Symbol]                       0x00000194   Section        0  eeprom.o(.text.EEPROM_ReadBuffer)
    [Anonymous Symbol]                       0x000001d8   Section        0  eeprom.o(.text.EEPROM_WriteBuffer)
    __arm_cp.1_0                             0x00000230   Number         4  eeprom.o(.text.EEPROM_WriteBuffer)
    [Anonymous Symbol]                       0x00000234   Section        0  dp32g030_gpio.o(.text.GPIO_ClrBit)
    [Anonymous Symbol]                       0x00000240   Section        0  dp32g030_gpio.o(.text.GPIO_GetBit)
    [Anonymous Symbol]                       0x0000024c   Section        0  dp32g030_gpio.o(.text.GPIO_Init)
    __arm_cp.0_0                             0x000005c0   Number         4  dp32g030_gpio.o(.text.GPIO_Init)
    __arm_cp.0_1                             0x000005c4   Number         4  dp32g030_gpio.o(.text.GPIO_Init)
    __arm_cp.0_2                             0x000005c8   Number         4  dp32g030_gpio.o(.text.GPIO_Init)
    __arm_cp.0_3                             0x000005cc   Number         4  dp32g030_gpio.o(.text.GPIO_Init)
    __arm_cp.0_4                             0x000005d0   Number         4  dp32g030_gpio.o(.text.GPIO_Init)
    __arm_cp.0_5                             0x000005d4   Number         4  dp32g030_gpio.o(.text.GPIO_Init)
    __arm_cp.0_6                             0x000005d8   Number         4  dp32g030_gpio.o(.text.GPIO_Init)
    __arm_cp.0_7                             0x000005dc   Number         4  dp32g030_gpio.o(.text.GPIO_Init)
    __arm_cp.0_9                             0x000005e0   Number         4  dp32g030_gpio.o(.text.GPIO_Init)
    __arm_cp.0_10                            0x000005e4   Number         4  dp32g030_gpio.o(.text.GPIO_Init)
    __arm_cp.0_11                            0x000005e8   Number         4  dp32g030_gpio.o(.text.GPIO_Init)
    __arm_cp.0_12                            0x000005ec   Number         4  dp32g030_gpio.o(.text.GPIO_Init)
    __arm_cp.0_13                            0x000005f0   Number         4  dp32g030_gpio.o(.text.GPIO_Init)
    [Anonymous Symbol]                       0x000005f4   Section        0  dp32g030_gpio.o(.text.GPIO_SetBit)
    [Anonymous Symbol]                       0x00000600   Section        0  i2c.o(.text.I2C_Read)
    __arm_cp.2_0                             0x000006e4   Number         4  i2c.o(.text.I2C_Read)
    __arm_cp.2_1                             0x000006e8   Number         4  i2c.o(.text.I2C_Read)
    [Anonymous Symbol]                       0x000006ec   Section        0  i2c.o(.text.I2C_ReadBuffer)
    [Anonymous Symbol]                       0x00000730   Section        0  i2c.o(.text.I2C_Start)
    [Anonymous Symbol]                       0x0000076c   Section        0  i2c.o(.text.I2C_Stop)
    [Anonymous Symbol]                       0x000007a8   Section        0  i2c.o(.text.I2C_Write)
    __arm_cp.3_1                             0x000008a4   Number         4  i2c.o(.text.I2C_Write)
    __arm_cp.3_2                             0x000008a8   Number         4  i2c.o(.text.I2C_Write)
    __arm_cp.3_3                             0x000008ac   Number         4  i2c.o(.text.I2C_Write)
    __arm_cp.3_4                             0x000008b0   Number         4  i2c.o(.text.I2C_Write)
    __arm_cp.3_5                             0x000008b4   Number         4  i2c.o(.text.I2C_Write)
    [Anonymous Symbol]                       0x000008b8   Section        0  i2c.o(.text.I2C_WriteBuffer)
    [Anonymous Symbol]                       0x000008e4   Section        0  key.o(.text.Key_Init)
    __arm_cp.0_0                             0x0000096c   Number         4  key.o(.text.Key_Init)
    __arm_cp.0_2                             0x00000970   Number         4  key.o(.text.Key_Init)
    __arm_cp.0_3                             0x00000974   Number         4  key.o(.text.Key_Init)
    __arm_cp.0_4                             0x00000978   Number         4  key.o(.text.Key_Init)
    __arm_cp.0_5                             0x0000097c   Number         4  key.o(.text.Key_Init)
    __arm_cp.0_7                             0x00000980   Number         4  key.o(.text.Key_Init)
    __arm_cp.0_8                             0x00000984   Number         4  key.o(.text.Key_Init)
    __arm_cp.0_9                             0x00000988   Number         4  key.o(.text.Key_Init)
    [Anonymous Symbol]                       0x0000098c   Section        0  system_dp32g030.o(.text.Switch_CLK_48MHZ)
    [Anonymous Symbol]                       0x000009b0   Section        0  system_dp32g030.o(.text.Sys_Clk_Read)
    [Anonymous Symbol]                       0x000009d4   Section        0  system_dp32g030.o(.text.SystemCoreClockUpdate)
    __arm_cp.16_0                            0x00000a80   Number         4  system_dp32g030.o(.text.SystemCoreClockUpdate)
    __arm_cp.16_1                            0x00000a84   Number         4  system_dp32g030.o(.text.SystemCoreClockUpdate)
    __arm_cp.16_2                            0x00000a88   Number         4  system_dp32g030.o(.text.SystemCoreClockUpdate)
    __arm_cp.16_3                            0x00000a8c   Number         4  system_dp32g030.o(.text.SystemCoreClockUpdate)
    __arm_cp.16_4                            0x00000a90   Number         4  system_dp32g030.o(.text.SystemCoreClockUpdate)
    __arm_cp.16_5                            0x00000a94   Number         4  system_dp32g030.o(.text.SystemCoreClockUpdate)
    [Anonymous Symbol]                       0x00000a98   Section        0  system_dp32g030.o(.text.SystemInit)
    [Anonymous Symbol]                       0x00000ab4   Section        0  delay.o(.text.delay_init)
    __arm_cp.0_0                             0x00000ad0   Number         4  delay.o(.text.delay_init)
    __arm_cp.0_1                             0x00000ad4   Number         4  delay.o(.text.delay_init)
    [Anonymous Symbol]                       0x00000ad8   Section        0  delay.o(.text.delay_ms)
    [Anonymous Symbol]                       0x00000af8   Section        0  delay.o(.text.delay_nms)
    [Anonymous Symbol]                       0x00000b24   Section        0  delay.o(.text.delay_us)
    __arm_cp.1_0                             0x00000b50   Number         4  delay.o(.text.delay_us)
    __arm_cp.1_1                             0x00000b54   Number         4  delay.o(.text.delay_us)
    __arm_cp.1_2                             0x00000b58   Number         4  delay.o(.text.delay_us)
    [Anonymous Symbol]                       0x00000b5c   Section        0  main.o(.text.main)
    __arm_cp.3_0                             0x00000bf8   Number         4  main.o(.text.main)
    __arm_cp.3_1                             0x00000bfc   Number         4  main.o(.text.main)
    __arm_cp.3_2                             0x00000c00   Number         4  main.o(.text.main)
    __arm_cp.3_3                             0x00000c04   Number         4  main.o(.text.main)
    __arm_cp.3_4                             0x00000c08   Number         4  main.o(.text.main)
    i.__scatterload_copy                     0x00000c30   Section       14  handlers.o(i.__scatterload_copy)
    i.__scatterload_null                     0x00000c3e   Section        2  handlers.o(i.__scatterload_null)
    i.__scatterload_zeroinit                 0x00000c40   Section       14  handlers.o(i.__scatterload_zeroinit)
    [Anonymous Symbol]                       0x20000000   Section        0  dp32g030_flash.o(.text.FLASH_Init)
    __arm_cp.12_1                            0x20000030   Number         4  dp32g030_flash.o(.text.FLASH_Init)
    __arm_cp.12_2                            0x20000034   Number         4  dp32g030_flash.o(.text.FLASH_Init)
    __arm_cp.12_3                            0x20000038   Number         4  dp32g030_flash.o(.text.FLASH_Init)
    [Anonymous Symbol]                       0x2000003c   Section        0  dp32g030_flash.o(.text.FLASH_Mask_Lock)
    [Anonymous Symbol]                       0x20000048   Section        0  dp32g030_flash.o(.text.FLASH_Mask_Sel)
    [Anonymous Symbol]                       0x20000058   Section        0  dp32g030_flash.o(.text.FLASH_Mask_UnLock)
    __arm_cp.15_0                            0x20000064   Number         4  dp32g030_flash.o(.text.FLASH_Mask_UnLock)
    [Anonymous Symbol]                       0x20000068   Section        0  dp32g030_flash.o(.text.FLASH_Recall_Read)
    [Anonymous Symbol]                       0x200000a8   Section        0  dp32g030_flash.o(.text.FLASH_Set_ClkWait)
    [Anonymous Symbol]                       0x200000c4   Section        0  dp32g030_flash.o(.text.FLASH_Set_Normal_Mode)
    [Anonymous Symbol]                       0x200000d8   Section        0  dp32g030_flash.o(.text.Read_Trim_Value_From_Flash)
    __arm_cp.24_0                            0x2000015c   Number         4  dp32g030_flash.o(.text.Read_Trim_Value_From_Flash)
    __arm_cp.24_1                            0x20000160   Number         4  dp32g030_flash.o(.text.Read_Trim_Value_From_Flash)
    __arm_cp.24_2                            0x20000164   Number         4  dp32g030_flash.o(.text.Read_Trim_Value_From_Flash)
    __arm_cp.24_3                            0x20000168   Number         4  dp32g030_flash.o(.text.Read_Trim_Value_From_Flash)
    __arm_cp.24_4                            0x2000016c   Number         4  dp32g030_flash.o(.text.Read_Trim_Value_From_Flash)
    __arm_cp.24_5                            0x20000170   Number         4  dp32g030_flash.o(.text.Read_Trim_Value_From_Flash)
    __arm_cp.24_6                            0x20000174   Number         4  dp32g030_flash.o(.text.Read_Trim_Value_From_Flash)
    __arm_cp.24_7                            0x20000178   Number         4  dp32g030_flash.o(.text.Read_Trim_Value_From_Flash)
    [Anonymous Symbol]                       0x2000017c   Section        0  iap.o(.text.boot_to_app)
    __arm_cp.1_0                             0x2000019c   Number         4  iap.o(.text.boot_to_app)
    __arm_cp.1_1                             0x200001a0   Number         4  iap.o(.text.boot_to_app)
    [Anonymous Symbol]                       0x200001a4   Section        0  system_dp32g030.o(.data..L_MergedGlobals)
    fac_us                                   0x200001b0   Data           1  delay.o(.bss..L_MergedGlobals)
    [Anonymous Symbol]                       0x200001b0   Section        0  delay.o(.bss..L_MergedGlobals)
    fac_ms                                   0x200001b4   Data           4  delay.o(.bss..L_MergedGlobals)
    STACK                                    0x200001c0   Section      128  startup_dp32g030.o(STACK)

    Global Symbols

    Symbol Name                              Value     Ov Type        Size  Object(Section)

    BuildAttributes$$THM_ISAv3M$S$PE$A:L22$X:L11$S22$IEEE1$IW$~IW$USESV6$~STKCKD$USESV7$~SHL$OSPACE$EBA8$MICROLIB$REQ8$PRES8$EABIv2 0x00000000   Number         0  anon$$obj.o ABSOLUTE
    __Vectors                                0x00000000   Data           4  startup_dp32g030.o(RESET)
    __cpp_initialize__aeabi_                  - Undefined Weak Reference
    __cxa_finalize                            - Undefined Weak Reference
    __decompress                              - Undefined Weak Reference
    _clock_init                               - Undefined Weak Reference
    _microlib_exit                            - Undefined Weak Reference
    __Vectors_End                            0x000000c0   Data           0  startup_dp32g030.o(RESET)
    __Vectors_Size                           0x000000c0   Number         0  startup_dp32g030.o ABSOLUTE
    __main                                   0x000000c1   Thumb Code     0  entry.o(.ARM.Collect$$$$00000000)
    _main_stk                                0x000000c1   Thumb Code     0  entry2.o(.ARM.Collect$$$$00000001)
    _main_scatterload                        0x000000c5   Thumb Code     0  entry5.o(.ARM.Collect$$$$00000004)
    __main_after_scatterload                 0x000000c9   Thumb Code     0  entry5.o(.ARM.Collect$$$$00000004)
    _main_clock                              0x000000c9   Thumb Code     0  entry7b.o(.ARM.Collect$$$$00000008)
    _main_cpp_init                           0x000000c9   Thumb Code     0  entry8b.o(.ARM.Collect$$$$0000000A)
    _main_init                               0x000000c9   Thumb Code     0  entry9a.o(.ARM.Collect$$$$0000000B)
    __rt_final_cpp                           0x000000d1   Thumb Code     0  entry10a.o(.ARM.Collect$$$$0000000D)
    __rt_final_exit                          0x000000d1   Thumb Code     0  entry11a.o(.ARM.Collect$$$$0000000F)
    Reset_Handler                            0x000000d5   Thumb Code     4  startup_dp32g030.o(.text)
    NMI_Handler                              0x000000d9   Thumb Code     2  startup_dp32g030.o(.text)
    HardFault_Handler                        0x000000db   Thumb Code     2  startup_dp32g030.o(.text)
    SVC_Handler                              0x000000dd   Thumb Code     2  startup_dp32g030.o(.text)
    PendSV_Handler                           0x000000df   Thumb Code     2  startup_dp32g030.o(.text)
    SysTick_Handler                          0x000000e1   Thumb Code     2  startup_dp32g030.o(.text)
    WWDT_Handler                             0x000000e3   Thumb Code     2  startup_dp32g030.o(.text)
    IWDT_Handler                             0x000000e5   Thumb Code     2  startup_dp32g030.o(.text)
    RTC_Handler                              0x000000e7   Thumb Code     2  startup_dp32g030.o(.text)
    DMA_Handler                              0x000000e9   Thumb Code     2  startup_dp32g030.o(.text)
    ADC_Handler                              0x000000eb   Thumb Code     2  startup_dp32g030.o(.text)
    TIMBASE0_Handler                         0x000000ed   Thumb Code     2  startup_dp32g030.o(.text)
    TIMBASE1_Handler                         0x000000ef   Thumb Code     2  startup_dp32g030.o(.text)
    TIMPLUS0_Handler                         0x000000f1   Thumb Code     2  startup_dp32g030.o(.text)
    TIMPLUS1_Handler                         0x000000f3   Thumb Code     2  startup_dp32g030.o(.text)
    PWMBASE0_Handler                         0x000000f5   Thumb Code     2  startup_dp32g030.o(.text)
    PWMBASE1_Handler                         0x000000f7   Thumb Code     2  startup_dp32g030.o(.text)
    PWMPLUS0_Handler                         0x000000f9   Thumb Code     2  startup_dp32g030.o(.text)
    PWMPLUS1_Handler                         0x000000fb   Thumb Code     2  startup_dp32g030.o(.text)
    UART0_Handler                            0x000000fd   Thumb Code     2  startup_dp32g030.o(.text)
    UART1_Handler                            0x000000ff   Thumb Code     2  startup_dp32g030.o(.text)
    UART2_Handler                            0x00000101   Thumb Code     2  startup_dp32g030.o(.text)
    SPI0_Handler                             0x00000103   Thumb Code     2  startup_dp32g030.o(.text)
    SPI1_Handler                             0x00000105   Thumb Code     2  startup_dp32g030.o(.text)
    IIC0_Handler                             0x00000107   Thumb Code     2  startup_dp32g030.o(.text)
    IIC1_Handler                             0x00000109   Thumb Code     2  startup_dp32g030.o(.text)
    CMP_Handler                              0x0000010b   Thumb Code     2  startup_dp32g030.o(.text)
    TIMBASE2_Handler                         0x0000010d   Thumb Code     2  startup_dp32g030.o(.text)
    GPIOA5_Handler                           0x0000010f   Thumb Code     2  startup_dp32g030.o(.text)
    GPIOA6_Handler                           0x00000111   Thumb Code     2  startup_dp32g030.o(.text)
    GPIOA7_Handler                           0x00000113   Thumb Code     2  startup_dp32g030.o(.text)
    GPIOB0_Handler                           0x00000115   Thumb Code     2  startup_dp32g030.o(.text)
    GPIOB1_Handler                           0x00000117   Thumb Code     2  startup_dp32g030.o(.text)
    GPIOC0_Handler                           0x00000119   Thumb Code     2  startup_dp32g030.o(.text)
    GPIOC1_Handler                           0x0000011b   Thumb Code     2  startup_dp32g030.o(.text)
    GPIOA_Handler                            0x0000011d   Thumb Code     2  startup_dp32g030.o(.text)
    GPIOB_Handler                            0x0000011f   Thumb Code     2  startup_dp32g030.o(.text)
    GPIOC_Handler                            0x00000121   Thumb Code     2  startup_dp32g030.o(.text)
    __aeabi_uidiv                            0x00000129   Thumb Code     0  uidiv.o(.text)
    __aeabi_uidivmod                         0x00000129   Thumb Code    44  uidiv.o(.text)
    memcmp                                   0x00000155   Thumb Code    26  memcmp.o(.text)
    __scatterload                            0x00000171   Thumb Code    28  init.o(.text)
    __scatterload_rt2                        0x00000171   Thumb Code     0  init.o(.text)
    EEPROM_ReadBuffer                        0x00000195   Thumb Code    72  eeprom.o(.text.EEPROM_ReadBuffer)
    EEPROM_WriteBuffer                       0x000001d9   Thumb Code    92  eeprom.o(.text.EEPROM_WriteBuffer)
    GPIO_ClrBit                              0x00000235   Thumb Code    12  dp32g030_gpio.o(.text.GPIO_ClrBit)
    GPIO_GetBit                              0x00000241   Thumb Code    10  dp32g030_gpio.o(.text.GPIO_GetBit)
    GPIO_Init                                0x0000024d   Thumb Code   940  dp32g030_gpio.o(.text.GPIO_Init)
    GPIO_SetBit                              0x000005f5   Thumb Code    12  dp32g030_gpio.o(.text.GPIO_SetBit)
    I2C_Read                                 0x00000601   Thumb Code   252  i2c.o(.text.I2C_Read)
    I2C_ReadBuffer                           0x000006ed   Thumb Code    68  i2c.o(.text.I2C_ReadBuffer)
    I2C_Start                                0x00000731   Thumb Code    68  i2c.o(.text.I2C_Start)
    I2C_Stop                                 0x0000076d   Thumb Code    68  i2c.o(.text.I2C_Stop)
    I2C_Write                                0x000007a9   Thumb Code   276  i2c.o(.text.I2C_Write)
    I2C_WriteBuffer                          0x000008b9   Thumb Code    44  i2c.o(.text.I2C_WriteBuffer)
    Key_Init                                 0x000008e5   Thumb Code   176  key.o(.text.Key_Init)
    Switch_CLK_48MHZ                         0x0000098d   Thumb Code    40  system_dp32g030.o(.text.Switch_CLK_48MHZ)
    Sys_Clk_Read                             0x000009b1   Thumb Code    34  system_dp32g030.o(.text.Sys_Clk_Read)
    SystemCoreClockUpdate                    0x000009d5   Thumb Code   200  system_dp32g030.o(.text.SystemCoreClockUpdate)
    SystemInit                               0x00000a99   Thumb Code    28  system_dp32g030.o(.text.SystemInit)
    delay_init                               0x00000ab5   Thumb Code    40  delay.o(.text.delay_init)
    delay_ms                                 0x00000ad9   Thumb Code    30  delay.o(.text.delay_ms)
    delay_nms                                0x00000af9   Thumb Code    56  delay.o(.text.delay_nms)
    delay_us                                 0x00000b25   Thumb Code    56  delay.o(.text.delay_us)
    main                                     0x00000b5d   Thumb Code   176  main.o(.text.main)
    Long Thumb to Thumb Veneer to FLASH_Init 0x00000c0d   Thumb Code    12  anon$$obj.o(Veneer$$Code)
    Long Thumb to Thumb Veneer to Read_Trim_Value_From_Flash 0x00000c19   Thumb Code    12  anon$$obj.o(Veneer$$Code)
    Long Thumb to Thumb Veneer to boot_to_app 0x00000c25   Thumb Code    12  anon$$obj.o(Veneer$$Code)
    __scatterload_copy                       0x00000c31   Thumb Code    14  handlers.o(i.__scatterload_copy)
    __scatterload_null                       0x00000c3f   Thumb Code     2  handlers.o(i.__scatterload_null)
    __scatterload_zeroinit                   0x00000c41   Thumb Code    14  handlers.o(i.__scatterload_zeroinit)
    Region$$Table$$Base                      0x00000c50   Number         0  anon$$obj.o(Region$$Table)
    Region$$Table$$Limit                     0x00000c80   Number         0  anon$$obj.o(Region$$Table)
    FLASH_Init                               0x20000001   Thumb Code    64  dp32g030_flash.o(.text.FLASH_Init)
    FLASH_Mask_Lock                          0x2000003d   Thumb Code    16  dp32g030_flash.o(.text.FLASH_Mask_Lock)
    FLASH_Mask_Sel                           0x20000049   Thumb Code    20  dp32g030_flash.o(.text.FLASH_Mask_Sel)
    FLASH_Mask_UnLock                        0x20000059   Thumb Code    16  dp32g030_flash.o(.text.FLASH_Mask_UnLock)
    FLASH_Recall_Read                        0x20000069   Thumb Code    68  dp32g030_flash.o(.text.FLASH_Recall_Read)
    FLASH_Set_ClkWait                        0x200000a9   Thumb Code    32  dp32g030_flash.o(.text.FLASH_Set_ClkWait)
    FLASH_Set_Normal_Mode                    0x200000c5   Thumb Code    24  dp32g030_flash.o(.text.FLASH_Set_Normal_Mode)
    Read_Trim_Value_From_Flash               0x200000d9   Thumb Code   164  dp32g030_flash.o(.text.Read_Trim_Value_From_Flash)
    boot_to_app                              0x2000017d   Thumb Code    40  iap.o(.text.boot_to_app)
    SystemCoreClock                          0x200001a4   Data           4  system_dp32g030.o(.data..L_MergedGlobals)
    CyclesPerUs                              0x200001a8   Data           4  system_dp32g030.o(.data..L_MergedGlobals)
    Temp_Trim_Value                          0x200001b8   Data           4  dp32g030_flash.o(.bss.Temp_Trim_Value)
    __initial_sp                             0x20000240   Data           0  startup_dp32g030.o(STACK)



==============================================================================

Memory Map of the image

  Image Entry point : 0x000000c1

  Load Region LR_IROM1 (Base: 0x00000000, Size: 0x00000e30, Max: 0x00010000, ABSOLUTE)

    Execution Region ER_IROM1 (Exec base: 0x00000000, Load base: 0x00000000, Size: 0x00000c80, Max: 0x00010000, ABSOLUTE)

    Exec Addr    Load Addr    Size         Type   Attr      Idx    E Section Name        Object

    0x00000000   0x00000000   0x000000c0   Data   RO          211    RESET               startup_dp32g030.o
    0x000000c0   0x000000c0   0x00000000   Code   RO          246  * .ARM.Collect$$$$00000000  mc_p.l(entry.o)
    0x000000c0   0x000000c0   0x00000004   Code   RO          253    .ARM.Collect$$$$00000001  mc_p.l(entry2.o)
    0x000000c4   0x000000c4   0x00000004   Code   RO          256    .ARM.Collect$$$$00000004  mc_p.l(entry5.o)
    0x000000c8   0x000000c8   0x00000000   Code   RO          258    .ARM.Collect$$$$00000008  mc_p.l(entry7b.o)
    0x000000c8   0x000000c8   0x00000000   Code   RO          260    .ARM.Collect$$$$0000000A  mc_p.l(entry8b.o)
    0x000000c8   0x000000c8   0x00000008   Code   RO          261    .ARM.Collect$$$$0000000B  mc_p.l(entry9a.o)
    0x000000d0   0x000000d0   0x00000000   Code   RO          263    .ARM.Collect$$$$0000000D  mc_p.l(entry10a.o)
    0x000000d0   0x000000d0   0x00000000   Code   RO          265    .ARM.Collect$$$$0000000F  mc_p.l(entry11a.o)
    0x000000d0   0x000000d0   0x00000004   Code   RO          254    .ARM.Collect$$$$00002712  mc_p.l(entry2.o)
    0x000000d4   0x000000d4   0x00000054   Code   RO          212    .text               startup_dp32g030.o
    0x00000128   0x00000128   0x0000002c   Code   RO          249    .text               mc_p.l(uidiv.o)
    0x00000154   0x00000154   0x0000001a   Code   RO          251    .text               mc_p.l(memcmp.o)
    0x0000016e   0x0000016e   0x00000002   PAD
    0x00000170   0x00000170   0x00000024   Code   RO          267    .text               mc_p.l(init.o)
    0x00000194   0x00000194   0x00000044   Code   RO           32    .text.EEPROM_ReadBuffer  eeprom.o
    0x000001d8   0x000001d8   0x0000005c   Code   RO           34    .text.EEPROM_WriteBuffer  eeprom.o
    0x00000234   0x00000234   0x0000000c   Code   RO          134    .text.GPIO_ClrBit   dp32g030_gpio.o
    0x00000240   0x00000240   0x0000000a   Code   RO          138    .text.GPIO_GetBit   dp32g030_gpio.o
    0x0000024a   0x0000024a   0x00000002   PAD
    0x0000024c   0x0000024c   0x000003a8   Code   RO          128    .text.GPIO_Init     dp32g030_gpio.o
    0x000005f4   0x000005f4   0x0000000c   Code   RO          132    .text.GPIO_SetBit   dp32g030_gpio.o
    0x00000600   0x00000600   0x000000ec   Code   RO           51    .text.I2C_Read      i2c.o
    0x000006ec   0x000006ec   0x00000044   Code   RO           55    .text.I2C_ReadBuffer  i2c.o
    0x00000730   0x00000730   0x0000003c   Code   RO           47    .text.I2C_Start     i2c.o
    0x0000076c   0x0000076c   0x0000003c   Code   RO           49    .text.I2C_Stop      i2c.o
    0x000007a8   0x000007a8   0x00000110   Code   RO           53    .text.I2C_Write     i2c.o
    0x000008b8   0x000008b8   0x0000002c   Code   RO           57    .text.I2C_WriteBuffer  i2c.o
    0x000008e4   0x000008e4   0x000000a8   Code   RO          237    .text.Key_Init      key.o
    0x0000098c   0x0000098c   0x00000024   Code   RO          168    .text.Switch_CLK_48MHZ  system_dp32g030.o
    0x000009b0   0x000009b0   0x00000022   Code   RO          166    .text.Sys_Clk_Read  system_dp32g030.o
    0x000009d2   0x000009d2   0x00000002   PAD
    0x000009d4   0x000009d4   0x000000c4   Code   RO          194    .text.SystemCoreClockUpdate  system_dp32g030.o
    0x00000a98   0x00000a98   0x0000001c   Code   RO          198    .text.SystemInit    system_dp32g030.o
    0x00000ab4   0x00000ab4   0x00000024   Code   RO          219    .text.delay_init    delay.o
    0x00000ad8   0x00000ad8   0x0000001e   Code   RO          225    .text.delay_ms      delay.o
    0x00000af6   0x00000af6   0x00000002   PAD
    0x00000af8   0x00000af8   0x0000002c   Code   RO          223    .text.delay_nms     delay.o
    0x00000b24   0x00000b24   0x00000038   Code   RO          221    .text.delay_us      delay.o
    0x00000b5c   0x00000b5c   0x000000b0   Code   RO            8    .text.main          main.o
    0x00000c0c   0x00000c0c   0x0000000c   Ven    RO          277    Veneer$$Code        anon$$obj.o
    0x00000c18   0x00000c18   0x0000000c   Ven    RO          278    Veneer$$Code        anon$$obj.o
    0x00000c24   0x00000c24   0x0000000c   Ven    RO          279    Veneer$$Code        anon$$obj.o
    0x00000c30   0x00000c30   0x0000000e   Code   RO          271    i.__scatterload_copy  mc_p.l(handlers.o)
    0x00000c3e   0x00000c3e   0x00000002   Code   RO          272    i.__scatterload_null  mc_p.l(handlers.o)
    0x00000c40   0x00000c40   0x0000000e   Code   RO          273    i.__scatterload_zeroinit  mc_p.l(handlers.o)
    0x00000c4e   0x00000c4e   0x00000002   PAD
    0x00000c50   0x00000c50   0x00000030   Data   RO          270    Region$$Table       anon$$obj.o


    Execution Region RW_IRAM1 (Exec base: 0x20000000, Load base: 0x00000c80, Size: 0x00000240, Max: 0x00004000, ABSOLUTE)

    Exec Addr    Load Addr    Size         Type   Attr      Idx    E Section Name        Object

    0x20000000   0x00000c80   0x0000003c   Code   RO           92    .text.FLASH_Init    dp32g030_flash.o
    0x2000003c   0x00000cbc   0x0000000c   Code   RO           96    .text.FLASH_Mask_Lock  dp32g030_flash.o
    0x20000048   0x00000cc8   0x00000010   Code   RO          100    .text.FLASH_Mask_Sel  dp32g030_flash.o
    0x20000058   0x00000cd8   0x00000010   Code   RO           98    .text.FLASH_Mask_UnLock  dp32g030_flash.o
    0x20000068   0x00000ce8   0x00000040   Code   RO          110    .text.FLASH_Recall_Read  dp32g030_flash.o
    0x200000a8   0x00000d28   0x0000001c   Code   RO           78    .text.FLASH_Set_ClkWait  dp32g030_flash.o
    0x200000c4   0x00000d44   0x00000014   Code   RO           76    .text.FLASH_Set_Normal_Mode  dp32g030_flash.o
    0x200000d8   0x00000d58   0x000000a4   Code   RO          116    .text.Read_Trim_Value_From_Flash  dp32g030_flash.o
    0x2000017c   0x00000dfc   0x00000028   Code   RO           22    .text.boot_to_app   iap.o
    0x200001a4   0x00000e24   0x00000008   Data   RW          200    .data..L_MergedGlobals  system_dp32g030.o
    0x200001ac   0x00000e2c   0x00000004   PAD
    0x200001b0        -       0x00000008   Zero   RW          227    .bss..L_MergedGlobals  delay.o
    0x200001b8        -       0x00000004   Zero   RW          118    .bss.Temp_Trim_Value  dp32g030_flash.o
    0x200001bc   0x00000e2c   0x00000004   PAD
    0x200001c0        -       0x00000080   Zero   RW          209    STACK               startup_dp32g030.o


==============================================================================

Image component sizes


      Code (inc. data)   RO Data    RW Data    ZI Data      Debug   Object Name

       166         20          0          0          8       1448   delay.o
       380         48          0          0          4       8625   dp32g030_flash.o
       970         74          0          0          0       4384   dp32g030_gpio.o
       160          4          0          0          0       1839   eeprom.o
       740         28          0          0          0       4317   i2c.o
        40          8          0          0          0       1108   iap.o
       168         32          0          0          0       1455   key.o
       176         20          0          0          0       2852   main.o
        84          6        192          0        128       1920   startup_dp32g030.o
       294         24          0          8          0       5952   system_dp32g030.o

    ----------------------------------------------------------------------
      3220        276        240          8        148      33900   Object Totals
        36         12         48          0          0          0   (incl. Generated)
         6          0          0          0          8          0   (incl. Padding)

    ----------------------------------------------------------------------

      Code (inc. data)   RO Data    RW Data    ZI Data      Debug   Library Member Name

         0          0          0          0          0          0   entry.o
         0          0          0          0          0          0   entry10a.o
         0          0          0          0          0          0   entry11a.o
         8          4          0          0          0          0   entry2.o
         4          0          0          0          0          0   entry5.o
         0          0          0          0          0          0   entry7b.o
         0          0          0          0          0          0   entry8b.o
         8          4          0          0          0          0   entry9a.o
        30          0          0          0          0          0   handlers.o
        36          8          0          0          0         68   init.o
        26          0          0          0          0         72   memcmp.o
        44          0          0          0          0         72   uidiv.o

    ----------------------------------------------------------------------
       160         16          0          0          0        212   Library Totals
         4          0          0          0          0          0   (incl. Padding)

    ----------------------------------------------------------------------

      Code (inc. data)   RO Data    RW Data    ZI Data      Debug   Library Name

       156         16          0          0          0        212   mc_p.l

    ----------------------------------------------------------------------
       160         16          0          0          0        212   Library Totals

    ----------------------------------------------------------------------

==============================================================================


      Code (inc. data)   RO Data    RW Data    ZI Data      Debug   

      3380        292        240          8        148      34092   Grand Totals
      3380        292        240          8        148      34092   ELF Image Totals
      3380        292        240          8          0          0   ROM Totals

==============================================================================

    Total RO  Size (Code + RO Data)                 3620 (   3.54kB)
    Total RW  Size (RW Data + ZI Data)               156 (   0.15kB)
    Total ROM Size (Code + RO Data + RW Data)       3628 (   3.54kB)

==============================================================================

